// Jest Snapshot v1, https://goo.gl/fbAQLP

exports[`ConfirmationPopover matches snapshot 1`] = `
<v-popover-stub placement="top-start" delay="0" offset="0" trigger="click" container="body" popperoptions="[object Object]" popoverclass="vue-popover-theme" popoverbaseclass="tooltip popover" popoverinnerclass="tooltip-inner popover-inner" popoverwrapperclass="wrapper" popoverarrowclass="tooltip-arrow popover-arrow" autohide="true" handleresize="true"><template></template> <button type="button" class="tooltip-target">
    <div></div>
    Do something dangerous
  </button></v-popover-stub>
`;
